create extension cpro; 
select * from what_is_cpro();
                     what_is_cpro                     
------------------------------------------------------
 cpro - An Extension for Monitering CPU and Processes
(1 row)

